--------------------------------------------------------------------------------
Release 14.7 Trace  (lin64)
Copyright (c) 1995-2013 Xilinx, Inc.  All rights reserved.

/opt/Xilinx/14.7/ISE_DS/ISE/bin/lin64/unwrapped/trce -intstyle ise -v 3 -s 3 -n
3 -fastpaths -xml sixteen_bit_ALU.twx sixteen_bit_ALU.ncd -o
sixteen_bit_ALU.twr sixteen_bit_ALU.pcf

Design file:              sixteen_bit_ALU.ncd
Physical constraint file: sixteen_bit_ALU.pcf
Device,package,speed:     xc6slx4,tqg144,C,-3 (PRODUCTION 1.23 2013-10-13)
Report level:             verbose report

Environment Variable      Effect 
--------------------      ------ 
NONE                      No environment variables were set
--------------------------------------------------------------------------------

INFO:Timing:2698 - No timing constraints found, doing default enumeration.
INFO:Timing:3412 - To improve timing, see the Timing Closure User Guide (UG612).
INFO:Timing:2752 - To get complete path coverage, use the unconstrained paths 
   option. All paths that are not constrained will be reported in the 
   unconstrained paths section(s) of the report.
INFO:Timing:3339 - The clock-to-out numbers in this timing report are based on 
   a 50 Ohm transmission line loading model.  For the details of this model, 
   and for more information on accounting for different loading conditions, 
   please see the device datasheet.



Data Sheet report:
-----------------
All values displayed in nanoseconds (ns)

Pad to Pad
---------------+---------------+---------+
Source Pad     |Destination Pad|  Delay  |
---------------+---------------+---------+
A<0>           |C              |   15.703|
A<0>           |N              |   16.019|
A<0>           |V              |   15.424|
A<0>           |Z              |   16.404|
A<0>           |sum<0>         |    9.130|
A<0>           |sum<1>         |    9.165|
A<0>           |sum<2>         |    9.324|
A<0>           |sum<3>         |    9.880|
A<0>           |sum<4>         |   10.722|
A<0>           |sum<5>         |   10.846|
A<0>           |sum<6>         |   11.932|
A<0>           |sum<7>         |   12.585|
A<0>           |sum<8>         |   12.712|
A<0>           |sum<9>         |   13.684|
A<0>           |sum<10>        |   14.108|
A<0>           |sum<11>        |   13.860|
A<0>           |sum<12>        |   13.684|
A<0>           |sum<13>        |   14.068|
A<0>           |sum<14>        |   14.648|
A<0>           |sum<15>        |   15.990|
A<1>           |C              |   15.700|
A<1>           |N              |   16.016|
A<1>           |V              |   15.421|
A<1>           |Z              |   16.401|
A<1>           |sum<1>         |    9.162|
A<1>           |sum<2>         |    9.166|
A<1>           |sum<3>         |    9.877|
A<1>           |sum<4>         |   10.719|
A<1>           |sum<5>         |   10.843|
A<1>           |sum<6>         |   11.929|
A<1>           |sum<7>         |   12.582|
A<1>           |sum<8>         |   12.709|
A<1>           |sum<9>         |   13.681|
A<1>           |sum<10>        |   14.105|
A<1>           |sum<11>        |   13.857|
A<1>           |sum<12>        |   13.681|
A<1>           |sum<13>        |   14.065|
A<1>           |sum<14>        |   14.645|
A<1>           |sum<15>        |   15.987|
A<2>           |C              |   15.235|
A<2>           |N              |   15.551|
A<2>           |V              |   14.956|
A<2>           |Z              |   15.936|
A<2>           |sum<2>         |    9.815|
A<2>           |sum<3>         |    9.238|
A<2>           |sum<4>         |   10.254|
A<2>           |sum<5>         |   10.378|
A<2>           |sum<6>         |   11.464|
A<2>           |sum<7>         |   12.117|
A<2>           |sum<8>         |   12.244|
A<2>           |sum<9>         |   13.216|
A<2>           |sum<10>        |   13.640|
A<2>           |sum<11>        |   13.392|
A<2>           |sum<12>        |   13.216|
A<2>           |sum<13>        |   13.600|
A<2>           |sum<14>        |   14.180|
A<2>           |sum<15>        |   15.522|
A<3>           |C              |   14.166|
A<3>           |N              |   14.482|
A<3>           |V              |   13.887|
A<3>           |Z              |   14.867|
A<3>           |sum<3>         |    9.595|
A<3>           |sum<4>         |    9.325|
A<3>           |sum<5>         |    9.822|
A<3>           |sum<6>         |   10.395|
A<3>           |sum<7>         |   11.048|
A<3>           |sum<8>         |   11.175|
A<3>           |sum<9>         |   12.147|
A<3>           |sum<10>        |   12.571|
A<3>           |sum<11>        |   12.323|
A<3>           |sum<12>        |   12.147|
A<3>           |sum<13>        |   12.531|
A<3>           |sum<14>        |   13.111|
A<3>           |sum<15>        |   14.453|
A<4>           |C              |   13.450|
A<4>           |N              |   13.766|
A<4>           |V              |   13.171|
A<4>           |Z              |   14.151|
A<4>           |sum<4>         |    8.940|
A<4>           |sum<5>         |   10.189|
A<4>           |sum<6>         |    9.679|
A<4>           |sum<7>         |   10.332|
A<4>           |sum<8>         |   10.459|
A<4>           |sum<9>         |   11.431|
A<4>           |sum<10>        |   11.855|
A<4>           |sum<11>        |   11.607|
A<4>           |sum<12>        |   11.431|
A<4>           |sum<13>        |   11.815|
A<4>           |sum<14>        |   12.395|
A<4>           |sum<15>        |   13.737|
A<5>           |C              |   13.349|
A<5>           |N              |   13.665|
A<5>           |V              |   13.070|
A<5>           |Z              |   14.050|
A<5>           |sum<5>         |   10.096|
A<5>           |sum<6>         |    9.333|
A<5>           |sum<7>         |   10.231|
A<5>           |sum<8>         |   10.358|
A<5>           |sum<9>         |   11.330|
A<5>           |sum<10>        |   11.754|
A<5>           |sum<11>        |   11.506|
A<5>           |sum<12>        |   11.330|
A<5>           |sum<13>        |   11.714|
A<5>           |sum<14>        |   12.294|
A<5>           |sum<15>        |   13.636|
A<6>           |C              |   12.767|
A<6>           |N              |   13.083|
A<6>           |V              |   12.488|
A<6>           |Z              |   13.468|
A<6>           |sum<6>         |    9.424|
A<6>           |sum<7>         |    9.526|
A<6>           |sum<8>         |   10.359|
A<6>           |sum<9>         |   10.748|
A<6>           |sum<10>        |   11.172|
A<6>           |sum<11>        |   10.924|
A<6>           |sum<12>        |   10.748|
A<6>           |sum<13>        |   11.132|
A<6>           |sum<14>        |   11.712|
A<6>           |sum<15>        |   13.054|
A<7>           |C              |   13.159|
A<7>           |N              |   13.475|
A<7>           |V              |   12.880|
A<7>           |Z              |   13.860|
A<7>           |sum<7>         |    9.637|
A<7>           |sum<8>         |   10.681|
A<7>           |sum<9>         |   11.140|
A<7>           |sum<10>        |   11.564|
A<7>           |sum<11>        |   11.316|
A<7>           |sum<12>        |   11.140|
A<7>           |sum<13>        |   11.524|
A<7>           |sum<14>        |   12.104|
A<7>           |sum<15>        |   13.446|
A<8>           |C              |   12.220|
A<8>           |N              |   12.536|
A<8>           |V              |   11.941|
A<8>           |Z              |   12.921|
A<8>           |sum<8>         |   10.773|
A<8>           |sum<9>         |    9.920|
A<8>           |sum<10>        |   10.625|
A<8>           |sum<11>        |   10.377|
A<8>           |sum<12>        |   10.201|
A<8>           |sum<13>        |   10.585|
A<8>           |sum<14>        |   11.165|
A<8>           |sum<15>        |   12.507|
A<9>           |C              |   12.083|
A<9>           |N              |   12.399|
A<9>           |V              |   11.804|
A<9>           |Z              |   12.784|
A<9>           |sum<9>         |    9.525|
A<9>           |sum<10>        |   10.488|
A<9>           |sum<11>        |   10.240|
A<9>           |sum<12>        |   10.064|
A<9>           |sum<13>        |   10.448|
A<9>           |sum<14>        |   11.028|
A<9>           |sum<15>        |   12.370|
A<10>          |C              |   11.374|
A<10>          |N              |   11.690|
A<10>          |V              |   11.095|
A<10>          |Z              |   12.075|
A<10>          |sum<10>        |    9.185|
A<10>          |sum<11>        |    8.992|
A<10>          |sum<12>        |    9.269|
A<10>          |sum<13>        |    9.739|
A<10>          |sum<14>        |   10.319|
A<10>          |sum<15>        |   11.661|
A<11>          |C              |   11.406|
A<11>          |N              |   11.722|
A<11>          |V              |   11.127|
A<11>          |Z              |   12.107|
A<11>          |sum<11>        |    9.383|
A<11>          |sum<12>        |   10.129|
A<11>          |sum<13>        |    9.771|
A<11>          |sum<14>        |   10.351|
A<11>          |sum<15>        |   11.693|
A<12>          |C              |   11.232|
A<12>          |N              |   11.548|
A<12>          |V              |   10.953|
A<12>          |Z              |   11.933|
A<12>          |sum<12>        |   10.281|
A<12>          |sum<13>        |    9.380|
A<12>          |sum<14>        |   10.177|
A<12>          |sum<15>        |   11.519|
A<13>          |C              |   10.297|
A<13>          |N              |   10.613|
A<13>          |V              |   10.018|
A<13>          |Z              |   10.998|
A<13>          |sum<13>        |    9.296|
A<13>          |sum<14>        |    9.456|
A<13>          |sum<15>        |   10.584|
A<14>          |C              |   11.466|
A<14>          |N              |   11.782|
A<14>          |V              |   11.187|
A<14>          |Z              |   12.167|
A<14>          |sum<14>        |   10.645|
A<14>          |sum<15>        |   11.753|
A<15>          |C              |   10.502|
A<15>          |N              |   10.818|
A<15>          |V              |    9.967|
A<15>          |Z              |   11.203|
A<15>          |sum<15>        |   10.789|
B<0>           |C              |   17.201|
B<0>           |N              |   17.517|
B<0>           |V              |   16.922|
B<0>           |Z              |   17.902|
B<0>           |sum<0>         |    9.734|
B<0>           |sum<1>         |   10.663|
B<0>           |sum<2>         |   10.688|
B<0>           |sum<3>         |   11.378|
B<0>           |sum<4>         |   12.220|
B<0>           |sum<5>         |   12.344|
B<0>           |sum<6>         |   13.430|
B<0>           |sum<7>         |   14.083|
B<0>           |sum<8>         |   14.210|
B<0>           |sum<9>         |   15.182|
B<0>           |sum<10>        |   15.606|
B<0>           |sum<11>        |   15.358|
B<0>           |sum<12>        |   15.182|
B<0>           |sum<13>        |   15.566|
B<0>           |sum<14>        |   16.146|
B<0>           |sum<15>        |   17.488|
B<1>           |C              |   16.775|
B<1>           |N              |   17.091|
B<1>           |V              |   16.496|
B<1>           |Z              |   17.476|
B<1>           |sum<1>         |   10.237|
B<1>           |sum<2>         |   10.205|
B<1>           |sum<3>         |   10.952|
B<1>           |sum<4>         |   11.794|
B<1>           |sum<5>         |   11.918|
B<1>           |sum<6>         |   13.004|
B<1>           |sum<7>         |   13.657|
B<1>           |sum<8>         |   13.784|
B<1>           |sum<9>         |   14.756|
B<1>           |sum<10>        |   15.180|
B<1>           |sum<11>        |   14.932|
B<1>           |sum<12>        |   14.756|
B<1>           |sum<13>        |   15.140|
B<1>           |sum<14>        |   15.720|
B<1>           |sum<15>        |   17.062|
B<2>           |C              |   15.353|
B<2>           |N              |   15.669|
B<2>           |V              |   15.074|
B<2>           |Z              |   16.054|
B<2>           |sum<2>         |    9.933|
B<2>           |sum<3>         |    9.619|
B<2>           |sum<4>         |   10.372|
B<2>           |sum<5>         |   10.496|
B<2>           |sum<6>         |   11.582|
B<2>           |sum<7>         |   12.235|
B<2>           |sum<8>         |   12.362|
B<2>           |sum<9>         |   13.334|
B<2>           |sum<10>        |   13.758|
B<2>           |sum<11>        |   13.510|
B<2>           |sum<12>        |   13.334|
B<2>           |sum<13>        |   13.718|
B<2>           |sum<14>        |   14.298|
B<2>           |sum<15>        |   15.640|
B<3>           |C              |   14.422|
B<3>           |N              |   14.738|
B<3>           |V              |   14.143|
B<3>           |Z              |   15.123|
B<3>           |sum<3>         |    9.543|
B<3>           |sum<4>         |    8.669|
B<3>           |sum<5>         |    9.566|
B<3>           |sum<6>         |   10.651|
B<3>           |sum<7>         |   11.304|
B<3>           |sum<8>         |   11.431|
B<3>           |sum<9>         |   12.403|
B<3>           |sum<10>        |   12.827|
B<3>           |sum<11>        |   12.579|
B<3>           |sum<12>        |   12.403|
B<3>           |sum<13>        |   12.787|
B<3>           |sum<14>        |   13.367|
B<3>           |sum<15>        |   14.709|
B<4>           |C              |   13.470|
B<4>           |N              |   13.786|
B<4>           |V              |   13.191|
B<4>           |Z              |   14.171|
B<4>           |sum<4>         |    8.609|
B<4>           |sum<5>         |    9.443|
B<4>           |sum<6>         |    9.699|
B<4>           |sum<7>         |   10.352|
B<4>           |sum<8>         |   10.479|
B<4>           |sum<9>         |   11.451|
B<4>           |sum<10>        |   11.875|
B<4>           |sum<11>        |   11.627|
B<4>           |sum<12>        |   11.451|
B<4>           |sum<13>        |   11.835|
B<4>           |sum<14>        |   12.415|
B<4>           |sum<15>        |   13.757|
B<5>           |C              |   13.689|
B<5>           |N              |   14.005|
B<5>           |V              |   13.410|
B<5>           |Z              |   14.390|
B<5>           |sum<5>         |   10.436|
B<5>           |sum<6>         |    9.741|
B<5>           |sum<7>         |   10.571|
B<5>           |sum<8>         |   10.698|
B<5>           |sum<9>         |   11.670|
B<5>           |sum<10>        |   12.094|
B<5>           |sum<11>        |   11.846|
B<5>           |sum<12>        |   11.670|
B<5>           |sum<13>        |   12.054|
B<5>           |sum<14>        |   12.634|
B<5>           |sum<15>        |   13.976|
B<6>           |C              |   12.385|
B<6>           |N              |   12.701|
B<6>           |V              |   12.106|
B<6>           |Z              |   13.086|
B<6>           |sum<6>         |    8.989|
B<6>           |sum<7>         |    9.793|
B<6>           |sum<8>         |   10.201|
B<6>           |sum<9>         |   10.366|
B<6>           |sum<10>        |   10.790|
B<6>           |sum<11>        |   10.542|
B<6>           |sum<12>        |   10.366|
B<6>           |sum<13>        |   10.750|
B<6>           |sum<14>        |   11.330|
B<6>           |sum<15>        |   12.672|
B<7>           |C              |   13.498|
B<7>           |N              |   13.814|
B<7>           |V              |   13.219|
B<7>           |Z              |   14.199|
B<7>           |sum<7>         |    9.521|
B<7>           |sum<8>         |   10.701|
B<7>           |sum<9>         |   11.479|
B<7>           |sum<10>        |   11.903|
B<7>           |sum<11>        |   11.655|
B<7>           |sum<12>        |   11.479|
B<7>           |sum<13>        |   11.863|
B<7>           |sum<14>        |   12.443|
B<7>           |sum<15>        |   13.785|
B<8>           |C              |   12.221|
B<8>           |N              |   12.537|
B<8>           |V              |   11.942|
B<8>           |Z              |   12.922|
B<8>           |sum<8>         |   10.384|
B<8>           |sum<9>         |    9.716|
B<8>           |sum<10>        |   10.626|
B<8>           |sum<11>        |   10.378|
B<8>           |sum<12>        |   10.202|
B<8>           |sum<13>        |   10.586|
B<8>           |sum<14>        |   11.166|
B<8>           |sum<15>        |   12.508|
B<9>           |C              |   12.159|
B<9>           |N              |   12.475|
B<9>           |V              |   11.880|
B<9>           |Z              |   12.860|
B<9>           |sum<9>         |    9.298|
B<9>           |sum<10>        |   10.564|
B<9>           |sum<11>        |   10.316|
B<9>           |sum<12>        |   10.140|
B<9>           |sum<13>        |   10.524|
B<9>           |sum<14>        |   11.104|
B<9>           |sum<15>        |   12.446|
B<10>          |C              |   11.498|
B<10>          |N              |   11.814|
B<10>          |V              |   11.219|
B<10>          |Z              |   12.199|
B<10>          |sum<10>        |    9.530|
B<10>          |sum<11>        |    9.075|
B<10>          |sum<12>        |    9.614|
B<10>          |sum<13>        |    9.863|
B<10>          |sum<14>        |   10.443|
B<10>          |sum<15>        |   11.785|
B<11>          |C              |   11.617|
B<11>          |N              |   11.933|
B<11>          |V              |   11.338|
B<11>          |Z              |   12.318|
B<11>          |sum<11>        |    9.451|
B<11>          |sum<12>        |    9.971|
B<11>          |sum<13>        |    9.982|
B<11>          |sum<14>        |   10.562|
B<11>          |sum<15>        |   11.904|
B<12>          |C              |   11.586|
B<12>          |N              |   11.902|
B<12>          |V              |   11.307|
B<12>          |Z              |   12.287|
B<12>          |sum<12>        |   10.635|
B<12>          |sum<13>        |    9.488|
B<12>          |sum<14>        |   10.531|
B<12>          |sum<15>        |   11.873|
B<13>          |C              |   10.263|
B<13>          |N              |   10.579|
B<13>          |V              |    9.984|
B<13>          |Z              |   10.964|
B<13>          |sum<13>        |    9.399|
B<13>          |sum<14>        |    9.557|
B<13>          |sum<15>        |   10.550|
B<14>          |C              |   11.633|
B<14>          |N              |   11.949|
B<14>          |V              |   11.354|
B<14>          |Z              |   12.334|
B<14>          |sum<14>        |   10.633|
B<14>          |sum<15>        |   11.920|
B<15>          |C              |   10.297|
B<15>          |N              |   10.613|
B<15>          |V              |   10.348|
B<15>          |Z              |   10.998|
B<15>          |sum<15>        |   10.584|
cin            |C              |   17.158|
cin            |N              |   17.474|
cin            |V              |   16.879|
cin            |Z              |   17.859|
cin            |sum<1>         |   10.620|
cin            |sum<2>         |   11.204|
cin            |sum<3>         |   11.335|
cin            |sum<4>         |   12.177|
cin            |sum<5>         |   12.301|
cin            |sum<6>         |   13.387|
cin            |sum<7>         |   14.040|
cin            |sum<8>         |   14.167|
cin            |sum<9>         |   15.139|
cin            |sum<10>        |   15.563|
cin            |sum<11>        |   15.315|
cin            |sum<12>        |   15.139|
cin            |sum<13>        |   15.523|
cin            |sum<14>        |   16.103|
cin            |sum<15>        |   17.445|
---------------+---------------+---------+


Analysis completed Fri Oct 21 02:46:03 2022 
--------------------------------------------------------------------------------

Trace Settings:
-------------------------
Trace Settings 

Peak Memory Usage: 375 MB



